Sell {swap_length}{floating_index} swap at {fixed_rate}
