```json
{
  "InstrumentType": "NonCallableFixedForFloatingSwap",
  "EffectiveDate": "2009-11-10",
  "MaturityDate": "2014-11-10",
  "PayOrReceiveFixed": "ReceiveFixed",
  "FixedRatePercent": 3.45,
  "Underlying": "USD Term SOFR",
  "FloatingRateFloorPct": 0,
  "FixedLegPaymentFrequency": "Semiannual",
  "FloatingLegPaymentFrequency": "Semiannual",
  "Notional": 1000000000,
  "FixedLegCurrency": "USD",
  "FloatingLegCurrency": "USD",
  "ResetType": "InArrears"
}
```
