Notional: 10,000,000,000
Bank {pay_or_receive_fixed}: 6M {floating_index}, {floating_leg_payment_frequency}, {floating_leg_daycount_basis}
Bank {pay_or_receive_fixed}: {fixed_leg_payment_currency} fixed {fixed_rate}%, {fixed_leg_payment_frequency}, {fixed_leg_daycount_basis}
Notional exchange: None
Start date: {start_date}
Tenor: {swap_length}
