```json
'''
{
"FloatLegCurrency": {
"data": "USD",
"formatted_row": "4: We pay: 6M USD Term SOFR (floating), semi-annual, act/360"
},
"FloatLegIndex": {
"data": "6M USD Term SOFR",
"formatted_row": "4: We pay: 6M USD Term SOFR (floating), semi-annual, act/360"
},
"FloatLegSpread": {
"data": "",
"formatted_row": "4: We pay: 6M USD Term SOFR (floating), semi-annual, act/360"
},
"FloatLegFrequency": {
"data": "semi-annual",
"formatted_row": "4: We pay: 6M USD Term SOFR (floating), semi-annual, act/360"
},
"FloatLegDaycountBasis": {
"data": "act/360",
"formatted_row": "4: We pay: 6M USD Term SOFR (floating), semi-annual, act/360"
},
"FixedLegCurrency": {
"data": "USD",
"formatted_row": "5: We receive: USD fixed 3.45%, semi-annual, act/360"
},
"FixedLegFixedRate": {
"data": "3.45",
"formatted_row": "5: We receive: USD fixed 3.45%, semi-annual, act/360"
},
"FixedLegFrequency": {
"data": "semi-annual",
"formatted_row": "5: We receive: USD fixed 3.45%, semi-annual, act/360"
},
"FixedLegDaycountBasis": {
"data": "act/360",
"formatted_row": "5: We receive: USD fixed 3.45%, semi-annual, act/360"
},
"StartDate": {
"data": "10 November 2009",
"formatted_row": "7: Start: 10 November 2009"
},
"NotionalResetDate": [],
"NotionalAmount": [
{
"data": "1bn",
"formatted_row": "3: Notional: USD 1bn"
}
]
}
'''
```
