

Here is the generated JSON dictionary:

'''
{
    "FloatLegCurrency": {"data": "USD", "row": 5},
    "FloatLegIndex": {"data": "3M Term SOFR", "row": 6},
    "FloatLegSpread": {"data": "70bps", "row": 6},
    "FloatLegFrequency": {"data": "quarterly", "row": 6},
    "FloatLegDaycountBasis": {"data": "act/360", "row": 6},
    "FixedLegCurrency": {"data": "USD", "row": 5},
    "FixedLegFixedRate": {"data": "12M Term SOFR", "row": 7},
    "FixedLegFrequency": {"data": "annual", "row": 7},
    "FixedLegDaycountBasis": {"data": "act/360", "row": 7},
    "StartDate": {"data": "10 November 2009", "row": 3},
    "NotionalResetDate": [{"data": "", "row": 0}],
    "NotionalAmount": [{"data": "10,000,000.00", "row": 5}]
}
'''

Let me know if this is correct!
