Here is the JSON output with the extracted fields from the trade entry:

'''
{
    "FloatLegCurrency": {
        "data": "USD",
        "formatted_row": "We pay: 6M {FloatLegCurrency} Term SOFR (floating), semi-annual, act/360"
    },
    "FloatLegIndex": {
        "data": "USD Term SOFR",
        "formatted_row": "We pay: 6M {FloatLegIndex} (floating), semi-annual, act/360"
    },
    "FloatLegSpread": {
        "data": "",
        "formatted_row": "We pay: 6M USD Term SOFR (floating), semi-annual, act/360"
    },
    "FloatLegFrequency": {
        "data": "semi-annual",
        "formatted_row": "We pay: 6M USD Term SOFR (floating), {FloatLegFrequency}, act/360"
    },
    "FloatLegDaycountBasis": {
        "data": "act/360",
        "formatted_row": "We pay: 6M USD Term SOFR (floating), semi-annual, {FloatLegDaycountBasis}"
    },
    "FixedLegCurrency": {
        "data": "USD",
        "formatted_row": "{FixedLegCurrency} fixed 3.45%, semi-annual, act/360"
    },
    "FixedLegFixedRate": {
        "data": "3.45",
        "formatted_row": "We receive: {FixedLegFixedRate}%, semi-annual, act/360"
    },
    "FixedLegFrequency": {
        "data": "semi-annual",
        "formatted_row": "We receive: USD fixed 3.45%, {FixedLegFrequency}, act/360"
    },
    "FixedLegDaycountBasis": {
        "data": "act/360",
        "formatted_row": "We receive: USD fixed 3.45%, semi-annual, {FixedLegDaycountBasis}"
    },
    "StartDate": {
        "data": "10 November 2009",
        "formatted_row": "Start: {StartDate}"
    },
    "NotionalResetDate": [
        {
            "data": "",
            "formatted_row": "Notional exchange: {NotionalResetDate}"
        }
    ],
    "NotionalAmount": [
        {
            "data": "USD 1bn",
            "formatted_row": "Notional: {NotionalAmount}"
        }
    ]
}
'''
