{
  "InstrumentType": "NonCallableFixedForFloatingSwap",
  "EffectiveDate": "2009-11-10",
  "MaturityDate": "2014-11-10",
  "PayOrReceiveFixed": "ReceiveFixed",
  "FixedRatePercent": 3.20,
  "Underlying": "USD Term SOFR",
  "FloatingLegPaymentFrequency": "Semiannual",
  "FixedLegPaymentFrequency": "Semiannual",
  "FixedLegNotional": 100000000,
  "FloatingLegNotional": 100000000,
  "FixedLegCurrency": "USD",
  "FloatingLegCurrency": "USD"
}
