```json
{
"payment_frequency": false,
"floating_frequency": false,
"pays_in_arrears": true,
"currency": false,
"maturity_date": false
}
```,N,N
