Here is the JSON dictionary with the fields and their corresponding data and row numbers:

```json
'''
{
    "FloatLegCurrency": {
        "data": "USD",
        "row": 5
    },
    "FloatLegIndex": [
        {
            "data": "3M Term SOFR",
            "row": 6
        },
        {
            "data": "12M Term SOFR",
            "row": 7
        }
    ],
    "FloatLegSpread": {
        "data": "70bps",
        "row": 6
    },
    "FloatLegFrequency": {
        "data": "quarterly",
        "row": 6
    },
    "FloatLegDaycountBasis": {
        "data": "act/360",
        "row": 6
    },
    "FixedLegCurrency": "",
    "FixedLegFixedRate": 0.0,
    "FixedLegFrequency": "",
    "FixedLegDaycountBasis": "",
    "StartDate": {
        "data": "10 November 2009",
        "row": 3
    },
    "NotionalResetDate": [],
    "NotionalAmount": [
        {
            "data": "10,000,000.00",
            "row": 5
        }
    ]
}
'''
```

Explanation:

- FloatLegCurrency: The notional amount is in USD, found on row 5.
- FloatLegIndex: There are two float leg indexes, 3M Term SOFR on row 6 and 12M Term SOFR on row 7.
- FloatLegSpread: The spread is 70bps, found on row 6.
- FloatLegFrequency: The float leg frequency is quarterly, found on row 6.
- FloatLegDaycountBasis: The float leg day count basis is act/360, found on row 6.
- FixedLegCurrency, FixedLegFixedRate, FixedLegFrequency, FixedLegDaycountBasis: No relevant information found, hence empty strings and 0.0.
- StartDate: The start date is 10 November 2009, found on row 3.
- NotionalResetDate: No information found about notional reset date, hence an empty list.
- NotionalAmount: The notional amount is 10,000,000.00, found on row 5.
