```json
{
    "FloatLegCurrency": {
        "data": "USD",
        "formatted_row": "4: We pay: 6M {FloatLegIndex} (floating), semi-annual, {FloatLegDaycountBasis}"
    },
    "FloatLegIndex": {
        "data": "Term SOFR",
        "formatted_row": "4: We pay: 6M {FloatLegIndex} (floating), semi-annual, {FloatLegDaycountBasis}"
    },
    "FloatLegSpread": {
        "data": "",
        "formatted_row": "4: We pay: 6M USD Term SOFR (floating), semi-annual, act/360"
    },
    "FloatLegFrequency": {
        "data": "semi-annual",
        "formatted_row": "4: We pay: 6M USD Term SOFR (floating), {FloatLegFrequency}, act/360"
    },
    "FloatLegDaycountBasis": {
        "data": "act/360",
        "formatted_row": "4: We pay: 6M USD Term SOFR (floating), semi-annual, {FloatLegDaycountBasis}"
    },
    "FixedLegCurrency": {
        "data": "USD",
        "formatted_row": "5: We receive: {FixedLegCurrency} fixed {FixedLegFixedRate}%, semi-annual, {FixedLegDaycountBasis}"
    },
    "FixedLegFixedRate": {
        "data": 3.45,
        "formatted_row": "5: We receive: USD fixed {FixedLegFixedRate}%, semi-annual, {FixedLegDaycountBasis}"
    },
    "FixedLegFrequency": {
        "data": "semi-annual",
        "formatted_row": "5: We receive: USD fixed 3.45%, {FixedLegFrequency}, {FixedLegDaycountBasis}"
    },
    "FixedLegDaycountBasis": {
        "data": "act/360",
        "formatted_row": "5: We receive: USD fixed 3.45%, semi-annual, {FixedLegDaycountBasis}"
    },
    "StartDate": {
        "data": "10 November 2009",
        "formatted_row": "7: Start: {StartDate}"
    },
    "NotionalResetDate": [],
    "NotionalAmount": [
        {
            "data": 1000000000,
            "formatted_row": "3: Notional: {NotionalAmount} {currency}"
        }
    ]
}
```
