FloatLegCurrency:
  error_messages:
  - message: 'ERROR: can''t extract row number'
    extracted_row: 'We pay: 6M USD Term SOFR (floating), semi-annual, act/360'
  status: BAD
FloatLegIndex:
  error_messages:
  - message: 'ERROR: can''t extract row number'
    extracted_row: 'We pay: 6M USD Term SOFR (floating), semi-annual, act/360'
  status: BAD
FloatLegSpread:
  status: OK
FloatLegFrequency:
  error_messages:
  - message: 'ERROR: can''t extract row number'
    extracted_row: 'We pay: 6M USD Term SOFR (floating), semi-annual, act/360'
  status: BAD
FloatLegDaycountBasis:
  error_messages:
  - message: 'ERROR: can''t extract row number'
    extracted_row: 'We pay: 6M USD Term SOFR (floating), semi-annual, act/360'
  status: BAD
FixedLegCurrency:
  error_messages:
  - message: 'ERROR: can''t extract row number'
    extracted_row: 'We receive: USD fixed 3.45%, semi-annual, act/360'
  status: BAD
FixedLegFixedRate:
  error_messages:
  - message: 'ERROR: can''t extract row number'
    extracted_row: 'We receive: USD fixed 3.45%, semi-annual, act/360'
  status: BAD
FixedLegFrequency:
  error_messages:
  - message: 'ERROR: can''t extract row number'
    extracted_row: 'We receive: USD fixed 3.45%, semi-annual, act/360'
  status: BAD
FixedLegDaycountBasis:
  error_messages:
  - message: 'ERROR: can''t extract row number'
    extracted_row: 'We receive: USD fixed 3.45%, semi-annual, act/360'
  status: BAD
StartDate:
  error_messages:
  - message: 'ERROR: can''t extract row number'
    extracted_row: 'Start: 10 November 2009'
  status: BAD
NotionalAmount:
  error_messages:
  - message: 'ERROR: can''t extract row number'
    extracted_row: 'Notional: USD 1bn'
  status: BAD

