test_method.with_channel.str.1
test_method.with_channel.str.2
