test_function.with_channel.str.var
test_function.with_channel.str.current
test_function.with_channel.str.new
