test_method.with_channel.tuple.1
test_method.with_channel.tuple.2
