Sell {swap_lengthfixed_rate} SOFR swap at {floating_leg_daycount_basisfixed_leg_payment_frequency}
