2003-04-21,10000000  
2003-07-21,10000000  
2003-10-21,10000000  
2004-01-21,10000000  
2004-04-21,10000000  
2004-07-21,10000000  
2004-10-21,10000000  
2005-01-21,10000000  
2005-04-21,10000000  
2005-07-21,10000000  ,N,N
