A quick brownie dog jumps over the lazy dog 
,N,Y
