{
    "Cl.Runtime.Backend.Core.UiAppState.UiAppState": {
        "Module": {
            "ModuleName": "Cl.Runtime.Backend.Core.UiAppState"
        },
        "Name": "UiAppState",
        "Label": "Ui App State",
        "Comment": "UiAppState.",
        "DisplayKind": "Basic",
        "Elements": [
            {
                "Key": {
                    "Module": {
                        "ModuleName": "Cl.Runtime.Backend.Core.User"
                    },
                    "Name": "User"
                },
                "Name": "User",
                "Comment": "A user the app state is applied for."
            },
            {
                "Data": {
                    "Module": {
                        "ModuleName": "Cl.Runtime.Backend.Core.TabInfo"
                    },
                    "Name": "TabInfo"
                },
                "Name": "OpenedTabs",
                "Comment": "Information about opened tabs.",
                "Vector": true,
                "Optional": true
            },
            {
                "Value": {
                    "Type": "Int"
                },
                "Name": "ActiveTabIndex",
                "Comment": "Index of active opened tab.",
                "Optional": true
            },
            {
                "Value": {
                    "Type": "String"
                },
                "Name": "BackendVersion",
                "Comment": "DEPRECATED. Use versions instead.",
                "Optional": true
            },
            {
                "Value": {
                    "Type": "String"
                },
                "Name": "ApplicationName",
                "Comment": "Application name.",
                "Optional": true
            },
            {
                "Value": {
                    "Type": "Bool"
                },
                "Name": "ReadOnly",
                "Comment": "Flag indicating that UI is read-only.",
                "Optional": true
            },
            {
                "Value": {
                    "Type": "String"
                },
                "Name": "ApplicationTheme",
                "Comment": "Application theme (dark, light, etc.).",
                "Optional": true
            }
        ],
        "Keys": [
            "User"
        ]
    },
    "Cl.Runtime.Backend.Core.User.User": {
        "Module": {
            "ModuleName": "Cl.Runtime.Backend.Core.User"
        },
        "Name": "User",
        "Label": "User",
        "Comment": "User which is allowed to log in.",
        "DisplayKind": "Basic",
        "Elements": [
            {
                "Value": {
                    "Type": "String"
                },
                "Name": "Username"
            },
            {
                "Value": {
                    "Type": "String"
                },
                "Name": "FirstName",
                "Comment": "First name of the user."
            },
            {
                "Value": {
                    "Type": "String"
                },
                "Name": "LastName",
                "Comment": "Last name of the user."
            },
            {
                "Value": {
                    "Type": "String"
                },
                "Name": "Email",
                "Comment": "Email of the user.",
                "Optional": true
            }
        ],
        "Keys": [
            "Username"
        ]
    },
    "Cl.Runtime.Backend.Core.TabInfo.TabInfo": {
        "Module": {
            "ModuleName": "Cl.Runtime.Backend.Core.TabInfo"
        },
        "Name": "TabInfo",
        "Label": "Tab Info",
        "Comment": "Tab info.",
        "Kind": "Element",
        "DisplayKind": "Basic",
        "Elements": [
            {
                "Data": {
                    "Module": {
                        "ModuleName": "Cl.Runtime.Backend.Core.BaseTypeInfo"
                    },
                    "Name": "BaseTypeInfo"
                },
                "Name": "Type",
                "Comment": "Type."
            },
            {
                "Value": {
                    "Type": "Key"
                },
                "Name": "Key",
                "Comment": "Key.",
                "Optional": true
            }
        ],
        "Keys": null
    },
    "Cl.Runtime.Backend.Core.BaseTypeInfo.BaseTypeInfo": {
        "Module": {
            "ModuleName": "Cl.Runtime.Backend.Core.BaseTypeInfo"
        },
        "Name": "BaseTypeInfo",
        "Label": "Base Type Info",
        "Comment": "Base type info.",
        "Kind": "Element",
        "DisplayKind": "Basic",
        "Elements": [
            {
                "Value": {
                    "Type": "String"
                },
                "Name": "Name",
                "Comment": "Name of type."
            },
            {
                "Value": {
                    "Type": "String"
                },
                "Name": "Module",
                "Comment": "Module of type."
            },
            {
                "Value": {
                    "Type": "String"
                },
                "Name": "Label",
                "Comment": "Label of type."
            }
        ],
        "Keys": null
    }
}
