FloatLegCurrency:
  error_messages:
  - message: 'ERROR: {FloatLegCurrency} not in the formatted_row'
    formatted_row: '3: We pay: 6M {FloatLegIndex} (floating), semi-annual, act/360'
  status: BAD
FloatLegIndex:
  status: OK
FloatLegSpread:
  status: OK
FloatLegFrequency:
  status: OK
FloatLegDaycountBasis:
  status: OK
FixedLegCurrency:
  status: OK
FixedLegFixedRate:
  status: OK
FixedLegFrequency:
  status: OK
FixedLegDaycountBasis:
  status: OK
StartDate:
  status: OK
NotionalAmount:
  status: OK

