{
    "Module": {
        "ModuleName": "Stubs.Cl.Runtime.Records.Dataclasses.StubDataclassNestedFields"
    },
    "Name": "StubDataclassNestedFields",
    "Label": "Stub Dataclass Nested Fields",
    "Comment": "Stub derived class.",
    "DisplayKind": "Basic",
    "Elements": [
        {
            "Value": {
                "Type": "String"
            },
            "Name": "Primitive",
            "Comment": "String key element."
        },
        {
            "Key": {
                "Module": {
                    "ModuleName": "Stubs.Cl.Runtime.Records.Dataclasses.StubDataclassRecord"
                },
                "Name": "StubDataclassRecord"
            },
            "Name": "Embedded1",
            "Comment": "Embedded key 1."
        },
        {
            "Key": {
                "Module": {
                    "ModuleName": "Stubs.Cl.Runtime.Records.Dataclasses.StubDataclassRecord"
                },
                "Name": "StubDataclassRecord"
            },
            "Name": "Embedded2",
            "Comment": "Embedded key 2."
        },
        {
            "Data": {
                "Module": {
                    "ModuleName": "Stubs.Cl.Runtime.Records.Dataclasses.StubDataclassData"
                },
                "Name": "StubDataclassData"
            },
            "Name": "BaseDatafield",
            "Comment": "Stub field."
        },
        {
            "Data": {
                "Module": {
                    "ModuleName": "Stubs.Cl.Runtime.Records.Dataclasses.StubDataclassDerivedData"
                },
                "Name": "StubDataclassDerivedData"
            },
            "Name": "DerivedDatafield",
            "Comment": "Stub field."
        },
        {
            "Data": {
                "Module": {
                    "ModuleName": "Stubs.Cl.Runtime.Records.Dataclasses.StubDataclassDerivedFromDerivedData"
                },
                "Name": "StubDataclassDerivedFromDerivedData"
            },
            "Name": "DerivedFromDerivedDatafield",
            "Comment": "Stub field."
        },
        {
            "Data": {
                "Module": {
                    "ModuleName": "Stubs.Cl.Runtime.Records.Dataclasses.StubDataclassData"
                },
                "Name": "StubDataclassData"
            },
            "Name": "PolymorphicDatafield",
            "Comment": "Declared StubDataclassData but provided an instance of StubDataclassDerivedData."
        },
        {
            "Data": {
                "Module": {
                    "ModuleName": "Stubs.Cl.Runtime.Records.Dataclasses.StubDataclassDerivedData"
                },
                "Name": "StubDataclassDerivedData"
            },
            "Name": "PolymorphicDerivedDatafield",
            "Comment": "Declared StubDataclassDerivedData but provided an instance of StubDataclassDerivedFromDerivedData."
        },
        {
            "Key": {
                "Module": {
                    "ModuleName": "Stubs.Cl.Runtime.Records.Dataclasses.StubDataclassRecord"
                },
                "Name": "StubDataclassRecord"
            },
            "Name": "KeyField",
            "Comment": "Stub field."
        },
        {
            "Key": {
                "Module": {
                    "ModuleName": "Stubs.Cl.Runtime.Records.Dataclasses.StubDataclassRecord"
                },
                "Name": "StubDataclassRecord"
            },
            "Name": "RecordAsKeyField",
            "Comment": "Stub field with key type initialized to record type instance."
        }
    ],
    "Keys": [
        "Primitive",
        "Embedded1",
        "Embedded2"
    ]
}