{
    "module": {
        "module_name": "stubs.cl.runtime.records.dataclasses.stub_dataclass_record"
    },
    "name": "StubDataclassRecord",
    "label": "Stub Dataclass Record",
    "comment": "Stub record base class.",
    "display_kind": "Basic",
    "elements": [
        {
            "value": {
                "type": "str"
            },
            "name": "id",
            "comment": "Unique identifier.",
            "optional": false
        }
    ],
    "keys": [
        "id"
    ]
}