Input Text: Sell 10y SOFR swap at 3.45% Extracted Value: 3.45%
