Here is the JSON output:

```
{
  "InstrumentType": "NonCallableFixedForFloatingSwap",
  "EffectiveDate": "2009-11-10",
  "MaturityDate": "2014-05-10",
  "PayOrReceiveFixed": "ReceiveFixed",
  "FixedRatePercent": 3.20,
  "Underlying": "6M USD Term SOFR",
  "FloatingSpreadBp": 0,
  "PaymentFrequency": "Semiannual",
  "Notional": 100000000.00,
  "Currency": "USD"
}
```
